[web.hycdn.cn/arknights/official/_next/static/media/qrcode_download.90ed578c.png]
[web.hycdn.cn/arknights/official/_next/static/media/age_rating.61c75d20.png]
[web.hycdn.cn/upload/image/20260915/12a9a58869bc67e802b046af21b66dc1.png]
[web.hycdn.cn/upload/image/20260903/c2bbbe8c0996b87002fc450dba1ba697.jpg]
[web.hycdn.cn/upload/image/20260903/c05884ba2d81a4225b51256d0c3fc2d6.png]
[web.hycdn.cn/upload/image/20260828/e59e8bf7c4da71eba98930cb5a2d4eb4.jpg]
[web.hycdn.cn/upload/image/20240501/79ea8d4bc878cc8a601a3ab6acea7bb4.png]
[web.hycdn.cn/arknights/official/_next/static/media/kaltsit_e1.a53cfc2e.png]
[web.hycdn.cn/arknights/official/_next/static/media/rhodes_island.18d9416c.png]
[web.hycdn.cn/arknights/official/_next/static/media/kaltsit.05c0f5e1.png]
[web.hycdn.cn/arknights/official/_next/static/media/amiya.a410de75.png]
[web.hycdn.cn/arknights/official/_next/static/media/chen.4d5cd8a0.png]
[web.hycdn.cn/arknights/official/_next/static/media/texas.5a198d4c.png]
[web.hycdn.cn/arknights/official/_next/static/media/exusiai.ff3d47d4.png]
[web.hycdn.cn/arknights/official/_next/static/media/ptilopsis.0483cb6d.png]
[web.hycdn.cn/arknights/official/_next/static/media/monster_siren_active.8f01230d.png]
[web.hycdn.cn/arknights/official/_next/static/media/logo_monster_siren.27beba82.png]
[web.hycdn.cn/arknights/official/_next/static/media/gallery_active.d45cfc72.png]
[web.hycdn.cn/arknights/official/_next/static/media/logo_gallery.08a04a01.png]
[web.hycdn.cn/arknights/official/_next/static/media/operator_active.d697ef2d.png]
[web.hycdn.cn/arknights/official/_next/static/media/logo_operator.c6543e50.png]
[web.hycdn.cn/arknights/official/_next/static/media/video_active.693c91f3.png]
[web.hycdn.cn/arknights/official/_next/static/media/logo_video.c1de0303.png]
[backblue.gif]
[fade.gif]
[index.html]
[web.hycdn.cn/arknights/official/_next/static/media/kaltsit_e2_styled.94b12054.png]
[web.hycdn.cn/arknights/official/_next/static/media/icon-integrated_strategies.05cfb26b.png]
[web.hycdn.cn/arknights/official/_next/static/media/icon-reclamation_algorithm.54ea704e.png]
[web.hycdn.cn/arknights/official/_next/static/media/icon-animation.4885daff.png]
[web.hycdn.cn/arknights/official/_next/static/media/icon-terra_historicus.fa655671.png]
[web.hycdn.cn/arknights/official/pic/20210401/1e42bca258dc905f81ac09a123366afb.png]
[web.hycdn.cn/arknights/official/pic/20210401/cd5d7b09e0ed9271cda2b66e1c9c74b3.png]
[web.hycdn.cn/arknights/official/pic/20210401/5fcca71059cf18c330af14bb0cfefadf.png]
[web.hycdn.cn/arknights/official/pic/20210401/0a63c71df1b825527e9dc23b3ad1a15b.png]
[web.hycdn.cn/arknights/official/pic/20210401/654999863b92ca62f847ef8631095273.png]
[web.hycdn.cn/arknights/official/pic/20210401/d9d7ec6e8b67df2967f9a59fc5ba9bf9.png]
[web.hycdn.cn/arknights/official/pic/20210401/16b3be48c6a81b88d7ba85f9129d4244.png]
[web.hycdn.cn/arknights/official/pic/20210401/ca8ef0b4307c4be7cc52c20c59eec1c7.png]
[web.hycdn.cn/arknights/official/pic/20210401/f2233360fd0c3a31c3ce0c76f80b4fd0.png]
[web.hycdn.cn/arknights/official/pic/20210329/4ef06dd53fabeeaed63b51e04abb317f.png]
[web.hycdn.cn/arknights/official/pic/20210401/fea022d62923d69453cb446ab2e983df.png]
[web.hycdn.cn/arknights/official/pic/20210401/708afda28edfb0c2a3b78745d58d1394.png]
[web.hycdn.cn/arknights/official/pic/20210401/764af395d50b4354627cc167d5a577ef.png]
[web.hycdn.cn/arknights/official/pic/20210401/984eea8ff3268e10c8c1d7d99c40686c.png]
[web.hycdn.cn/arknights/official/pic/20210401/2f2aa666934eea7bcaf8f5b9c57c5abb.png]
[web.hycdn.cn/arknights/official/pic/20210329/68348c34f56db94c981a3f77d9c3c049.png]
[web.hycdn.cn/arknights/official/pic/20210401/8b683b7c01ebf0eb570370a48b655504.png]
[web.hycdn.cn/arknights/official/pic/20210329/7dcfb48a8b98d7fb6966728e19b782d9.png]
[web.hycdn.cn/upload/image/20260812/bc2142e7fadb736dc528606402afbb2d.png]
[web.hycdn.cn/upload/image/20260812/9ff415d4f00bff6bcbc3cbe7b820a08a.png]
[web.hycdn.cn/upload/image/20260812/65351005c7f3a15f8e7756cd26b54117.png]
[web.hycdn.cn/upload/image/20260812/adcbe8619b6e466553f473757f29f08c.png]
[web.hycdn.cn/upload/image/20260812/e4b003a32d2508bf149eed69f7fc4bcc.png]
[web.hycdn.cn/upload/image/20260812/b9648e80d55d710efe1d740692fd9d82.png]
[web.hycdn.cn/upload/image/20260812/651b02e31587aafa6df8d7c4f2a1e07a.png]
[web.hycdn.cn/upload/image/20260812/7dbfeb0590ffbd733b7b0e0721d7eac2.png]
[web.hycdn.cn/upload/image/20260812/69d79183d814201e1373475405d5bed9.png]
[web.hycdn.cn/upload/image/20260812/c5870606e47b212b7b8e7f895bfb1e79.png]
[web.hycdn.cn/upload/image/20260812/3b8a48d711304cc83b98743c34ceb125.png]
[web.hycdn.cn/upload/image/20260812/4e1233d15315be3665c07debf514c8f0.png]
[web.hycdn.cn/upload/image/20260812/704cc692974e5d3f75efc2868d2079ac.png]
[web.hycdn.cn/upload/image/20260812/52631a1e439320ec2fb26a632354fe10.png]
[web.hycdn.cn/upload/image/20260812/170711c020304d9cbf118f0fc77a9a84.png]
[web.hycdn.cn/upload/image/20260812/eb75be411b8cd77bb19602d9dace9c05.png]
[web.hycdn.cn/upload/image/20260812/18d1c049430115c8f9739a373cbb24fb.png]
[web.hycdn.cn/upload/image/20260812/2c9527059fa6ba9b5403e2dca5aaad26.png]
[web.hycdn.cn/upload/image/20260812/fe41e31107867399828b9c97784c7cc1.png]
[web.hycdn.cn/upload/image/20260812/b47ce4755b577a162260464bff998413.png]
[web.hycdn.cn/upload/image/20260812/37e1d376af19c7b05de11702f0cb2306.png]
[web.hycdn.cn/upload/image/20260812/874987d2340c159a842d3b204f848ba4.png]
[web.hycdn.cn/upload/image/20260812/18d76d6ebac344e1a49a194977ee0efd.png]
[web.hycdn.cn/upload/image/20260812/458d0df04dacbd0734cb16101a6b70c6.png]
[web.hycdn.cn/upload/image/20260812/4de7a1306bd00b9818c700589bad9c07.png]
[web.hycdn.cn/upload/image/20260812/be97b4eb89c9d353ad42ba579bc116b7.png]
[web.hycdn.cn/upload/image/20250627/11089188b640e44fe3130f43e74426a3.png]
[web.hycdn.cn/upload/image/20250627/e4c812a6190b72a803f4a64654f07e85.png]
[web.hycdn.cn/upload/image/20250627/547328bddcbbd9dcff4a48e45bcbfe15.png]
[web.hycdn.cn/upload/image/20250627/aded56cd73f742c454546c3d27bede09.png]
[web.hycdn.cn/upload/image/20250627/eaecd9a28b3952184ce79318026bca7f.png]
[web.hycdn.cn/upload/image/20250627/046b2f49a6f4ff9effe8724bddefa4a9.png]
[web.hycdn.cn/upload/image/20250627/17770e12e3a1c477616bbaaccdcb83e0.jpg]
[web.hycdn.cn/upload/image/20250627/9132218c1b0b773eeeccde94a661a321.jpg]
[web.hycdn.cn/upload/image/20250715/f29c7ff1f712177e300b6f9fb4948fa2.png]
[web.hycdn.cn/upload/image/20250715/82006c9af765eee6c09ccf51a63d3452.png]
[web.hycdn.cn/upload/image/20260805/8ed71a3d0fed6ca51a7df1b94544f84d.png]
[web.hycdn.cn/upload/image/20260805/0501efeedbcdbaf238de5f0ff2815ff3.png]
[web.hycdn.cn/upload/image/20250627/4c3418f41a8c16fa968d63dc25436e48.png]
[web.hycdn.cn/upload/image/20250627/b70141835461f78f66bf2c1a61bccaf8.png]
[web.hycdn.cn/upload/image/20260805/36fe1ec6231efe455b62ac3e2f813169.png]
[web.hycdn.cn/upload/image/20260805/752c72784fdb48d2c14851495b6e0587.png]
[web.hycdn.cn/upload/image/20260915/d0569ffc1ad2fae131dd9209c31ad519.png]
[web.hycdn.cn/upload/image/20260903/747c36c1f8bd85257f5409a933536a50.jpg]
[web.hycdn.cn/upload/image/20260903/6cc9724affd8d201cca216332f3b0e71.png]
[web.hycdn.cn/upload/image/20260828/a0cc728be5dfcc65391f042a93481d90.jpg]
[web.hycdn.cn/upload/image/20240501/b64492c450ca419d2b6d164384940fea.jpg]
[ak.hypergryph.com/index.html]
[web.hycdn.cn/arknights/official/_next/static/media/bg.c03d00a6.jpg]
[web.hycdn.cn/arknights/official/_next/static/css/144c734e19afaa20.css]
[web.hycdn.cn/arknights/official/_next/static/media/bg.8954cef1.jpg]
[web.hycdn.cn/arknights/official/_next/static/css/6aed155137c3fe93.css]
[web.hycdn.cn/arknights/official/_next/static/chunks/webpack-e2b3d0e9f3ea3012.js]
[web.hycdn.cn/arknights/official/_next/static/chunks/bb2c42e6-deb2ddeea53b1b06.js]
[web.hycdn.cn/arknights/official/_next/static/chunks/a1377a71-b3da07b045fbf518.js]
[web.hycdn.cn/arknights/official/_next/static/chunks/868-eff782e865f465a4.js]
[web.hycdn.cn/arknights/official/_next/static/chunks/main-app-fccc8d83e156badb.js]
[web.hycdn.cn/arknights/official/_next/static/chunks/app/global-error-d28dd8ec7d20aa88.js]
[web.hycdn.cn/arknights/official/_next/static/chunks/474-b975add4acfe218d.js]
[web.hycdn.cn/arknights/official/_next/static/chunks/815-e2294d5ae8c2f084.js]
[web.hycdn.cn/arknights/official/_next/static/chunks/465-fbe5772fe0172cbb.js]
[web.hycdn.cn/arknights/official/_next/static/chunks/858-6bcaf21c8dce1823.js]
[web.hycdn.cn/arknights/official/_next/static/chunks/19-db6de54ae8dae23f.js]
[web.hycdn.cn/arknights/official/_next/static/chunks/524-cab1b92753440a5f.js]
[web.hycdn.cn/arknights/official/_next/static/chunks/app/layout-56537e00859b2b87.js]
[web.hycdn.cn/arknights/official/_next/static/chunks/137e2e70-a4056d5d54967c27.js]
[web.hycdn.cn/arknights/official/_next/static/chunks/558-bb90ea12ca41aaf4.js]
[web.hycdn.cn/arknights/official/_next/static/chunks/906-550ca574c015c10a.js]
[web.hycdn.cn/arknights/official/_next/static/chunks/874-9d6dc0814a20005c.js]
[web.hycdn.cn/arknights/official/_next/static/chunks/729-fc78fafb7d39c604.js]
[web.hycdn.cn/arknights/official/_next/static/chunks/438-d29e05eb265b9762.js]
[web.hycdn.cn/arknights/official/_next/static/media/particle.f4b76a4f.png]
[web.hycdn.cn/arknights/official/_next/static/media/firefly.67413619.png]
[web.hycdn.cn/arknights/official/_next/static/chunks/app/page-a96c46ff52d96bd7.js]
[web.hycdn.cn/arknights/official/_next/static/chunks/polyfills-c67a75d1b6f99dc8.js]
[ak.hypergryph.com/news/2021059770.html]
[web.hycdn.cn/upload/image/20260911/7f5081bb4aac74faa0185f634d07762d.JPG]
[web.hycdn.cn/upload/image/20260915/accd7077d27a929c92c775c7145ea868.jpg]
[web.hycdn.cn/upload/image/20260911/1382a24d40432b71eba0f17bc571aab4.jpg]
[web.hycdn.cn/upload/image/20260911/b5e67218037b6d10fd62c5a7006cfa85.JPG]
[web.hycdn.cn/upload/image/20260911/c34f81f9505b97cafe807b6c66ce8c8e.JPG]
[web.hycdn.cn/upload/image/20260911/21e8f4e27449673ae414dfe44cda8ceb.jpg]
[web.hycdn.cn/upload/image/20260911/1decd10820d123d34997b2a1ed18c9d8.JPG]
[ak.hypergryph.com/news/2819.html]
[web.hycdn.cn/upload/image/20260903/788762fd5f393733c37cec566a678ae1.jpg]
[ak.hypergryph.com/news/4923.html]
[web.hycdn.cn/arknights/activity/aSt4HnsU/campus-auth/favicon.png]
[ak.hypergryph.com/activity/campus-auth/index3422.html]
[web.hycdn.cn/upload/image/20260828/eb03f1083fa59e528da66b2d0c50b629.jpg]
[web.hycdn.cn/upload/image/20260828/6bb79c9e1481d615c348a9de5e7d97ed.jpg]
[web.hycdn.cn/upload/image/20260828/45dccc54af767c6706c178f4137dbe66.jpg]
[web.hycdn.cn/upload/image/20260828/0f8fc25f182436266518a1753b588353.jpg]
[web.hycdn.cn/upload/image/20260828/789862b2a156c59b98cc19ad7817f441.jpg]
[web.hycdn.cn/upload/image/20260828/fc58d2a22b63c7710917dfba31b331ef.jpg]
[web.hycdn.cn/upload/image/20260828/f84dbe0bb9e9fdf0789fec00659574ef.jpg]
[web.hycdn.cn/upload/image/20260828/8347c3f69cc0a5ef80f76c4fdbc83273.jpg]
[web.hycdn.cn/upload/image/20260828/196595881f3b2c7f0392640f1c0fd032.jpg]
[web.hycdn.cn/upload/image/20260828/86665c164221d111e7640f53425d49ff.jpg]
[web.hycdn.cn/upload/image/20260828/e86ff508f2e542e5162fa022e3657453.jpg]
[web.hycdn.cn/upload/image/20260828/f1a136c269f2dd9d444372ac018c605b.jpg]
[web.hycdn.cn/upload/image/20260828/935c2ff349987d2548c932aaf0cfab24.png]
[web.hycdn.cn/upload/image/20260828/bfa027c5be4da1348c131890a0af2b75.png]
[web.hycdn.cn/upload/image/20260828/fa2ec07c4566c7286f74f871e6577648.png]
[web.hycdn.cn/upload/image/20260828/f5cefbdb078ec2ac58274de006433a6c.png]
[web.hycdn.cn/upload/image/20260828/fd133699118e9f18ade35fd1a632ddfa.png]
[web.hycdn.cn/upload/image/20260828/cd1bd874c9adba812b0b5854e10b6c29.png]
[ak.hypergryph.com/news/9681.html]
[ak.hypergryph.com/ra/taleswithinthesand.html]
[ak.hypergryph.com/news/4922.html]
[ak.hypergryph.com/news/8578.html]
[ak.hypergryph.com/news/0791.html]
[ak.hypergryph.com/news.html]
[ak.hypergryph.com/anime/index.html]
[ak.hypergryph.com/favicon.ico]
[www.hypergryph.com/static/images/wechat/browser_open_ios.jpg]
[ak.hypergryph.com/download.html]
[web.hycdn.cn/arknights/is/favicon.png]
[web.hycdn.cn/arknights/is/assets/img/preload/banner.1f53a0.png]
[www.hypergryph.com/static/images/wechat/browser_open_android.jpg]
[ak.hypergryph.com/is/crimsonsolitaire.html]
[web.hycdn.cn/arknights/is/assets/img/preload/bg.20ca55.jpg]
[ak.hypergryph.com/is/caerulaarbor.html]
[web.hycdn.cn/arknights/is/assets/img/preload/bg.018471.jpg]
[web.hycdn.cn/arknights/is/assets/img/preload/desc.043088.png]
[web.hycdn.cn/arknights/is/assets/img/preload/progress-back.0c90f8.png]
[web.hycdn.cn/arknights/is/assets/img/preload/progress-bg-light.dd8c17.png]
[web.hycdn.cn/arknights/is/assets/img/preload/progress-front.1a37e2.png]
[web.hycdn.cn/arknights/is/assets/img/preload/progress-text-deco.8737c2.png]
[web.hycdn.cn/arknights/is/assets/img/preload/title.38ab76.png]
[ak.hypergryph.com/is/samiexpedition.html]
[web.hycdn.cn/arknights/is/assets/img/preload/arch-bridge.2dc169.png]
[web.hycdn.cn/arknights/is/assets/img/preload/border.424d81.png]
[web.hycdn.cn/arknights/is/assets/img/preload/enter.dfb820.png]
[web.hycdn.cn/arknights/is/assets/img/preload/fall-mask.bc4355.png]
[web.hycdn.cn/arknights/is/assets/img/preload/fall-tex.06350d.png]
[web.hycdn.cn/arknights/is/assets/img/preload/light.ee43ff.png]
[web.hycdn.cn/arknights/is/assets/img/preload/loading-bg.f34737.jpg]
[web.hycdn.cn/arknights/is/assets/img/preload/title.2c27a1.png]
[ak.hypergryph.com/is/furnacesidefables.html]
[web.hycdn.cn/arknights/is/assets/img/preload/bg.478d29.jpg]
[web.hycdn.cn/arknights/is/assets/img/preload/progress-bg.634a70.png]
[web.hycdn.cn/arknights/is/assets/img/preload/stem.cd6bd9.png]
[web.hycdn.cn/arknights/is/assets/img/preload/title-en.51785f.png]
[web.hycdn.cn/arknights/is/assets/img/preload/title.66087b.png]
[ak.hypergryph.com/is/gardenofgrotesqueries3422.html]
[web.hycdn.cn/arknights/is/assets/img/preload/2.e0348b.png]
[web.hycdn.cn/arknights/is/assets/img/preload/3.1f7a27.png]
[web.hycdn.cn/arknights/is/assets/img/preload/4.5b1982.png]
[web.hycdn.cn/arknights/is/assets/img/preload/5.393b7a.png]
[web.hycdn.cn/arknights/is/assets/img/preload/banner.969007.jpg]
[web.hycdn.cn/arknights/is/assets/img/preload/bg.297d3c.jpg]
[web.hycdn.cn/arknights/is/assets/img/preload/bg.f61d02.jpg]
[web.hycdn.cn/arknights/is/assets/img/preload/elite-0.2e2992.png]
[web.hycdn.cn/arknights/is/assets/img/preload/enter_btn.8ba311.png]
[web.hycdn.cn/arknights/is/assets/img/preload/light.22a4ad.png]
[web.hycdn.cn/arknights/is/assets/img/preload/passport.7cf2ba.png]
[web.hycdn.cn/arknights/is/assets/img/preload/qrcode.9bec40.png]
[web.hycdn.cn/arknights/is/assets/img/preload/status-bg.ad1208.png]
[web.hycdn.cn/arknights/is/assets/img/preload/title.383ec6.png]
[ak.hypergryph.com/is/blackflowofdrowningseekers.html]
[ak.hypergryph.com/ra/taleswithinthesand/blueprint.html]
[ak.hypergryph.com/ra/relaunchanchor.html]
[ak.hypergryph.com/api/index.html]
[web.hycdn.cn/arknights/official/_next/static/css/c88e7b87dfedab35.css]
[web.hycdn.cn/arknights/official/_next/static/chunks/app/news/[cid]/page-4ddcb5272c2cd6b7.js]
[web.hycdn.cn/arknights/activity/aSt4HnsU/campus-auth/assets/imgs/close.a08319.png]
[web.hycdn.cn/arknights/activity/aSt4HnsU/campus-auth/index.826ff2.css]
[web.hycdn.cn/static/js/umd/react/react@18.3.1.js]
[web.hycdn.cn/static/js/umd/react-dom/react-dom@18.3.1.js]
[web.hycdn.cn/arknights/activity/aSt4HnsU/campus-auth/index.ae32ed.js]
[web.hycdn.cn/arknights/ra/assets/fonts/Gilroy-Light.f0f008.woff2]
[web.hycdn.cn/arknights/ra/main.14eca8.css]
[web.hycdn.cn/arknights/ra/main.03db7a.js]
[web.hycdn.cn/arknights/official/_next/static/css/ca7b87373b704841.css]
[web.hycdn.cn/arknights/official/_next/static/chunks/app/news/page-dce4bac03340f68b.js]
[web.hycdn.cn/arknights/anime/official/assets/fonts/Geometos.f6a168.ttf]
[web.hycdn.cn/arknights/anime/official/index.362fe0.css]
[web.hycdn.cn/arknights/anime/official/index.5de78411.js]
[www.hypergryph.com/static/js/analytics.js]
[pingjs.qq.com/h5/statscfb0.js]
[hm.baidu.com/hm9abc.js]
[web.hycdn.cn/arknights/is/commons.57eee1.css]
[web.hycdn.cn/arknights/is/rogue_1.345920.css]
[web.hycdn.cn/arknights/is/react.e93bbf.js]
[web.hycdn.cn/arknights/is/commons.728cf3.js]
[web.hycdn.cn/arknights/is/upload/pic/20220104/f81a5b2ecd3121dc082194b08d7f0d4d.png]
[web.hycdn.cn/arknights/is/upload/pic/20220728/1a84d2d71e3b30fec3241b69a71c1690.png]
[web.hycdn.cn/arknights/is/upload/pic/20220201/2faa5b1a354d3e77ee79a77230387029.png]
[web.hycdn.cn/arknights/is/upload/pic/20220728/c596183cf1618001608188c82d6e97fc.png]
[web.hycdn.cn/arknights/is/upload/pic/20220728/a91a03b8a54c9fc0b934f75cb272f3c2.png]
[web.hycdn.cn/arknights/is/upload/pic/20220630/f856f54db0273c54979d66e16aac55e7.png]
[web.hycdn.cn/arknights/is/upload/pic/20220630/8d8109e09384335b07315abf3467f5bc.png]
[web.hycdn.cn/arknights/is/upload/pic/20220630/3d3aff638ad02eb0e0de21060616b6fe.png]
[web.hycdn.cn/arknights/is/upload/pic/20220630/6c49cd236afeb7857fdded43cc1378d7.png]
[web.hycdn.cn/arknights/is/upload/pic/20220614/2d6cb1fe77dea52272e2203d664ab11e.png]
[web.hycdn.cn/arknights/is/upload/pic/20220530/c63651e9e800313d161505def54117fe.png]
[web.hycdn.cn/arknights/is/upload/pic/20220530/71629cd699f123d2b847a08c11069888.png]
[web.hycdn.cn/arknights/is/upload/pic/20220530/7e0ce3d66fb946e2b5567e068d1ef81e.png]
[web.hycdn.cn/arknights/is/upload/pic/20220530/5f302b7f635fb9817f2ac4a9daf7d493.png]
[web.hycdn.cn/arknights/is/upload/pic/20220429/7e41af50b9857d4e9a224e928e3e10a9.png]
[web.hycdn.cn/arknights/is/upload/pic/20220429/87f2bd2d5a01b395e7701d555af1748e.png]
[web.hycdn.cn/arknights/is/upload/pic/20220429/3e2b66c31f2a4d2cbfaf37da8dcaaefe.png]
[web.hycdn.cn/arknights/is/upload/pic/20220330/9266b88ed7c0751266301e1f6b1dcc48.png]
[web.hycdn.cn/arknights/is/upload/pic/20220330/429e058138a2e9c2ae6d6ca9df08e5fc.png]
[web.hycdn.cn/arknights/is/upload/pic/20220330/c2d293fbe333eb813c5d959bd0acd72d.png]
[web.hycdn.cn/arknights/is/upload/pic/20220330/93c00cf611a9ebd7f794dc3abbbfe7cc.png]
[web.hycdn.cn/arknights/is/upload/pic/20220330/7527dbd0a52127d4a48e7ee9c211f9c2.png]
[web.hycdn.cn/arknights/is/upload/pic/20220330/004a40cb143dc23082e555797871231b.png]
[web.hycdn.cn/arknights/is/upload/pic/20220330/ea83eb9e5977b5fc7135da28c30d1b74.png]
[web.hycdn.cn/arknights/is/upload/pic/20220330/cdc0b90d047fbeea54ac9f2c9d94f979.png]
[web.hycdn.cn/arknights/is/upload/pic/20220330/2a8dc98e02abdb589ee7f041cf11eb33.png]
[web.hycdn.cn/arknights/is/upload/pic/20220330/4b1e2fe119d4c124c8432612aa4666c7.png]
[web.hycdn.cn/arknights/is/upload/pic/20220330/173f43e3b0fd5b62f34c9f2dc8d42031.png]
[web.hycdn.cn/arknights/is/upload/pic/20220330/e5ebebb9438d066b59d85bbcaab193d4.png]
[web.hycdn.cn/arknights/is/upload/pic/20220330/3b7ee7247642794ff9d38ebecc0c1bc5.png]
[web.hycdn.cn/arknights/is/upload/pic/20220330/724a4cfe26834d5435b06cd1d5d5a602.png]
[web.hycdn.cn/arknights/is/upload/pic/20220330/a9f32be089b0593582f02866dfbc1712.png]
[web.hycdn.cn/arknights/is/upload/pic/20220330/32656169394a7998b26e6af9dda74f27.png]
[web.hycdn.cn/arknights/is/upload/pic/20220330/28062ff354855ad923c1d7d9c7671221.png]
[web.hycdn.cn/arknights/is/upload/pic/20220330/3354308cb4cbfd1f0ce731c121e9aafd.png]
[web.hycdn.cn/arknights/is/upload/pic/20220228/04bfc56d121a65e3266b9649a9f7406d.png]
[web.hycdn.cn/arknights/is/upload/pic/20220228/0ad0365fba9120611ba96096eb356cb6.png]
[web.hycdn.cn/arknights/is/upload/pic/20220201/1321a0e300f3b443c0eb707644adaf8e.png]
[web.hycdn.cn/arknights/is/upload/pic/20220201/1675430564e5da2746f6da6c0dc7a491.png]
[web.hycdn.cn/arknights/is/upload/pic/20220201/174c617447f3ecc560fc56ab72ed0714.png]
[web.hycdn.cn/arknights/is/upload/pic/20211230/23551fe69595a886fb7fc047f14cc565.png]
[web.hycdn.cn/arknights/is/upload/pic/20211229/40ae686c9d61b4c0462012c0e19a45c0.png]
[web.hycdn.cn/arknights/is/upload/pic/20211228/baa650541643af2f37c59bf60da37477.png]
[web.hycdn.cn/arknights/is/upload/pic/20211228/e749d73f0dbdf9cef592ba06669142fc.png]
[web.hycdn.cn/arknights/is/upload/pic/20211230/f7b9c0271c8caab9c011c77d8ef6b6f4.png]
[web.hycdn.cn/arknights/is/upload/pic/20211230/0409578b29b4a09d3e3345a04356f1c9.png]
[web.hycdn.cn/arknights/is/upload/pic/20211230/f594a445db8c6c21d242e872f4bb54d3.png]
[web.hycdn.cn/arknights/is/upload/pic/20211230/c9bd5416fe3d5af4e6cfeb4d68f90c4d.png]
[web.hycdn.cn/arknights/is/upload/pic/20220201/de9bf73813e657e0fdb977e415fe0ace.png]
[web.hycdn.cn/arknights/is/upload/pic/20211230/39118511cba2ab65bd765f381c25f92b.png]
[web.hycdn.cn/arknights/is/upload/pic/20211229/c335863c686d4813c17d4712d766d355.png]
[web.hycdn.cn/arknights/is/upload/pic/20220201/74da255aadd7d60fef10033c4a0395a1.png]
[web.hycdn.cn/arknights/is/upload/pic/20211229/f936fe648b6bd159c76cbe6a673df185.png]
[web.hycdn.cn/arknights/is/upload/pic/20211230/3ca370766613022c66ac8aa590eaed4c.png]
[web.hycdn.cn/arknights/is/upload/pic/20211229/2f2dec1f8a53ca28f81e2816ad401a78.png]
[web.hycdn.cn/arknights/is/upload/pic/20211230/a7f5b49835dcef90fe2036a3bddd5bee.png]
[web.hycdn.cn/arknights/is/upload/pic/20211229/472293eb156a8b95270f9b2a117dc245.png]
[web.hycdn.cn/arknights/is/upload/pic/20220201/11e2614239dddd9fcf8f13708c3751f6.png]
[web.hycdn.cn/arknights/is/upload/pic/20211229/80aa348f86dea620e8697ba9e71be52b.png]
[web.hycdn.cn/arknights/is/upload/pic/20211228/c53e69ae2072a116bd1efdb1b7e16dec.png]
[web.hycdn.cn/arknights/is/upload/pic/20220104/f0a3c367976602f0b3ab8feb93f20366.png]
[web.hycdn.cn/arknights/is/upload/pic/20211228/7fa78416e516299a8a39f8178b5796a0.png]
[web.hycdn.cn/arknights/is/upload/pic/20211228/fa567c3861f524e253a6002257abd9ab.png]
[web.hycdn.cn/arknights/is/upload/pic/20211230/65dbd9d944e8132377c29b0598226fb3.png]
[web.hycdn.cn/arknights/is/upload/pic/20211228/c7c00f8d3672bfb90fe1159d8d5c8425.png]
[web.hycdn.cn/arknights/is/upload/pic/20211230/1216c5daf74d7a3a9cb4ce3524792bf4.png]
[web.hycdn.cn/arknights/is/upload/pic/20211228/1604f3cd08ff5951c47c9ad7e8ca91da.png]
[web.hycdn.cn/arknights/is/upload/pic/20211230/f635be794f1427eacea31e13dc66c8a3.png]
[web.hycdn.cn/arknights/is/upload/pic/20211228/21c825c1bc536c182803a6eca8ea892b.png]
[web.hycdn.cn/arknights/is/upload/pic/20211230/f4527272d7b30d00354029e24f74ed63.png]
[web.hycdn.cn/arknights/is/upload/pic/20211228/60ec5cf8d4665682c567e08f8b74875a.png]
[web.hycdn.cn/arknights/is/upload/pic/20211230/2edb833e408010b7ed3426ad48e81622.png]
[web.hycdn.cn/arknights/is/upload/pic/20211228/6f4d35081d2ee5fc84153e4112c626e7.png]
[web.hycdn.cn/arknights/is/upload/pic/20211230/609dfa255c4e1493a0d2eb5f78a02462.png]
[web.hycdn.cn/arknights/is/upload/pic/20211228/baac3289c9f33c71b240abd04d9f2636.png]
[web.hycdn.cn/arknights/is/upload/pic/20211230/5a9b5fd37ca71a595c60e1606e73f0cc.png]
[web.hycdn.cn/arknights/is/upload/pic/20211228/ad97be36ad19540122043670d4dcc8d2.png]
[web.hycdn.cn/arknights/is/upload/pic/20211229/eb9f0044196878108193a7705ea2cc78.png]
[web.hycdn.cn/arknights/is/upload/pic/20211228/b14d7387fc3d3fa82a9bd5fb13cadd8b.png]
[web.hycdn.cn/arknights/is/upload/pic/20211228/72f512a8e00d7449b8b70397112fc3c5.png]
[web.hycdn.cn/arknights/is/upload/pic/20211231/a60b62d3d24befbd1efb5417529ef848.png]
[web.hycdn.cn/arknights/is/upload/pic/20211229/f3f8392024ee869946ddbd7983639778.png]
[web.hycdn.cn/arknights/is/upload/pic/20211228/4889377b2c67c171e7f5dd16e535035e.png]
[web.hycdn.cn/arknights/is/upload/pic/20211231/c95295fc4c8fcea25cf15ce61b5536c7.png]
[web.hycdn.cn/arknights/is/upload/pic/20211228/f104a5f47589710997bd08857de599a3.png]
[web.hycdn.cn/arknights/is/upload/pic/20211229/e32f36ab2e7e389edf4607929ce481a4.png]
[web.hycdn.cn/arknights/is/upload/pic/20211229/4c9cb6ee731fb9ac0b7a5156f52d210b.png]
[web.hycdn.cn/arknights/is/upload/pic/20220104/fe9b4818f0b83a768156dcf639828ec5.jpg]
[web.hycdn.cn/arknights/is/upload/pic/20211229/88cc58cec31e708e197abb9c8d871968.png]
[web.hycdn.cn/arknights/is/upload/pic/20220104/510e19bed1f970b89e1ba1e96f367be7.png]
[web.hycdn.cn/arknights/is/upload/pic/20211229/6a228097971afced29316ce1ae988490.png]
[web.hycdn.cn/arknights/is/upload/pic/20211230/fb9b2e77f4052f511dd79b1d6eae9a34.png]
[web.hycdn.cn/arknights/is/upload/pic/20211230/a2e2aa52249f32645be74ce0a2c817ac.jpg]
[web.hycdn.cn/arknights/is/upload/pic/20220104/2cdb4959458e8d1c1eaff3df04eb108a.gif]
[web.hycdn.cn/arknights/is/upload/pic/20220104/4fa34a1676a342b65c0343f280b66211.gif]
[web.hycdn.cn/arknights/is/upload/pic/20220104/0ea9aee31a646a93b9a739548b2276f3.gif]
[web.hycdn.cn/arknights/is/upload/pic/20220104/a5cb53722fdd1a7c9d06ba38a80ab53c.gif]
[web.hycdn.cn/arknights/is/upload/pic/20220104/52bf5906e392246da436e8649371ce31.gif]
[web.hycdn.cn/arknights/is/upload/pic/20220201/1c09ed622e96727e268fda2aeb311833.png]
[web.hycdn.cn/arknights/is/upload/pic/20211230/03640a90e89cc6df58ba9e02f454ad84.png]
[web.hycdn.cn/arknights/is/upload/pic/20211228/c0b20641724ac6139cb8ad5c334925ee.png]
[web.hycdn.cn/arknights/is/upload/pic/20211230/c3e44e5a3c3c7be6ac2e2892e33ffe06.png]
[web.hycdn.cn/arknights/is/upload/pic/20211230/0f52b65186a53daecfede27b8b7eff29.png]
[web.hycdn.cn/arknights/is/upload/pic/20211230/25b2a5a7426cd3499d3c8052f0529064.png]
[web.hycdn.cn/arknights/is/upload/pic/20211230/8aa02882d08b16b59a6de44d6e6c877d.jpg]
[web.hycdn.cn/arknights/is/upload/pic/20211230/e510948736ad1d039f3083f24fca0b07.png]
[web.hycdn.cn/arknights/is/upload/pic/20211230/c887364d3308fb11731392c11238881d.png]
[web.hycdn.cn/arknights/is/upload/pic/20211230/2c4dd2bad832112b2cb81fa1b913afa6.png]
[web.hycdn.cn/arknights/is/upload/pic/20211230/f2736aa8adb598b671a702853dd52715.png]
[web.hycdn.cn/arknights/is/upload/pic/20211230/796cef3ebafe9f48a112364bb9839a0c.png]
[web.hycdn.cn/arknights/is/upload/pic/20211230/e00f13b5044a5b544a0547fe0ad54695.png]
[web.hycdn.cn/arknights/is/upload/pic/20220201/313baa43bc06f9c8073f214332e341bf.png]
[web.hycdn.cn/arknights/is/upload/pic/20211230/3b2427e5a5e6f6e64a9723cda72543ed.png]
[web.hycdn.cn/arknights/is/upload/pic/20220201/cfe31ff67a6ec31f601babf394b169f9.png]
[web.hycdn.cn/arknights/is/upload/pic/20211229/7d65238d296b8bbcfff9f6519d078506.png]
[web.hycdn.cn/arknights/is/upload/pic/20211228/59d0fe7e9352d582444277524e9ce160.png]
[web.hycdn.cn/arknights/is/upload/pic/20211229/2b7cc1a8dfb1d4baaa9c848ace6893dd.png]
[web.hycdn.cn/arknights/is/upload/pic/20211229/e375dc756717ef323c83dd9674b766e3.png]
[web.hycdn.cn/arknights/is/upload/pic/20220201/c2c9f3ac846e7edc19beb798766a2030.png]
[web.hycdn.cn/arknights/is/upload/pic/20211230/ab9700bf5cfacca818458a36a615c8f0.png]
[web.hycdn.cn/arknights/is/upload/pic/20211228/e1f3fc3244cc298f576e6399b918a472.png]
[web.hycdn.cn/arknights/is/upload/pic/20211229/e8edc6f52000c51beb35b14de8d35b9d.png]
[web.hycdn.cn/arknights/is/upload/pic/20211229/1a968d49e0801f00c4039dc777488e39.png]
[web.hycdn.cn/arknights/is/upload/pic/20211229/ed9339f27d3d6957272579beed739412.png]
[web.hycdn.cn/arknights/is/upload/pic/20211229/e525db873ed11f87bf705ff44675e73a.png]
[web.hycdn.cn/arknights/is/upload/pic/20211229/eea61933aaebf6d8c48d7a44ea1e988a.png]
[web.hycdn.cn/arknights/is/upload/pic/20211229/5c61eceb1033d4352918de2ea7bd0b96.png]
[web.hycdn.cn/arknights/is/upload/pic/20220201/9b6d2e506abe673879c8dabf02ab7169.png]
[web.hycdn.cn/arknights/is/upload/pic/20211230/0fc1e3147f045cf7b1286037fc66f97b.png]
[web.hycdn.cn/arknights/is/upload/pic/20211228/1a586e3e4bba759a4d11f75b519c9548.png]
[web.hycdn.cn/arknights/is/upload/pic/20211228/364dae510d2f6e626a5f7e4c69cf2a37.png]
[web.hycdn.cn/arknights/is/upload/pic/20211228/86d31c1a391e8f40be3721759182ed2f.png]
[web.hycdn.cn/arknights/is/upload/pic/20220201/068af9fb266c705d332d934198700936.png]
[web.hycdn.cn/arknights/is/upload/pic/20211230/7ba1d330295e439534a9efe9b054704f.png]
[web.hycdn.cn/arknights/is/upload/pic/20211228/46621ab6359ff3239534cc3f50d1b8bb.png]
[web.hycdn.cn/arknights/is/upload/pic/20220201/e3bbdd47d5e30540368ef4397ff6bb86.png]
[web.hycdn.cn/arknights/is/upload/pic/20220104/846e44161dd75ec674e724b5dfd551cc.png]
[web.hycdn.cn/arknights/is/upload/pic/20220104/49df4d141e60398c5964d288878b7724.png]
[web.hycdn.cn/arknights/is/upload/pic/20220104/96df5071d64ac12a24115790ad35e76b.png]
[web.hycdn.cn/arknights/is/upload/pic/20220104/6a92bb94dc02e18ce09dfc714d128445.png]
[web.hycdn.cn/arknights/is/upload/pic/20220201/8f1646510d17efe8498cfb157dd894bd.png]
[web.hycdn.cn/arknights/is/upload/pic/20211230/f9f5b664cab28f66263b70d429ab9442.png]
[web.hycdn.cn/arknights/is/upload/pic/20211229/ec1d4d8af01fc1c47c36bfa11c009142.png]
[web.hycdn.cn/arknights/is/upload/pic/20211229/0939707cf1dea3aead29829fa5d247da.png]
[web.hycdn.cn/arknights/is/upload/pic/20211229/7b5821a6b5c1fe11f4adc760da961f76.png]
[web.hycdn.cn/arknights/is/upload/pic/20211229/fd0d231b8b471c2a64b62420136e1720.png]
[web.hycdn.cn/arknights/is/upload/pic/20220104/94c36f0599cc6b21672f2e27aa0e00a1.png]
[web.hycdn.cn/arknights/is/assets/video/20211231/pv.m3u8]
[web.hycdn.cn/arknights/is/assets/video/20220616/pv2.m3u8]
[web.hycdn.cn/arknights/is/rogue_1.1936d2.js]
[web.hycdn.cn/arknights/is/rogue_2.0f5a8c.css]
[web.hycdn.cn/arknights/is/rogue_2.5ca45b.js]
[web.hycdn.cn/arknights/is/rogue_3.a3bd9c.css]
[web.hycdn.cn/arknights/is/rogue_3.285782.js]
[web.hycdn.cn/arknights/is/rogue_4.da8ef8.css]
[web.hycdn.cn/arknights/is/rogue_4.f067d2.js]
[web.hycdn.cn/arknights/is/assets/img/book-label.fa3d9d.png]
[web.hycdn.cn/arknights/is/rogue_5.eb426d.css]
[web.hycdn.cn/arknights/is/video/20250714/sui_pv.m3u8]
[web.hycdn.cn/arknights/is/video/20250714/sui_play.m3u8]
[web.hycdn.cn/arknights/is/rogue_5.0050b9.js]
[web.hycdn.cn/arknights/is/rogue_6.c32907.css]
[web.hycdn.cn/arknights/is/rogue_6.71430b.js]
[web.hycdn.cn/arknights/ra/relaunchanchor/assets/fonts/Gilroy-Light.88a3e7.woff2]
[web.hycdn.cn/arknights/ra/relaunchanchor/index.59fdff.css]
[web.hycdn.cn/arknights/ra/relaunchanchor/index.f7bd3d.js]
[ak.hypergryph.com/api.html]
[ak.hypergryph.com/font/index.html]
[ak.hypergryph.com/common-config/json/app-config.json.html]
[ak.hypergryph.com/assets/logo.html]
[ak.hypergryph.com/assets/lottie/lottie-5.13.0.min.html]
[ak.hypergryph.com/assets/lottie/common/sk.json.html]
[ak.hypergryph.com/assets/lottie/common/ak.json.html]
[ak.hypergryph.com/assets/lottie/common/pop.json.html]
[ak.hypergryph.com/assets/lottie/common/ef-dark.json.html]
[ak.hypergryph.com/assets/lottie/common/ef-light.json.html]
[ak.hypergryph.com/common-config/json/game-config.json.html]
[web.hycdn.cn/hg_web_sdk/lib/sdk.entry.js]
[www.google.com/analytics/web/inpage/pub/inpaged41d.html]
[ak.hypergryph.com/gtm.html]
[ak.hypergryph.com/plugins/index.html]
[ak.hypergryph.com/is/rogue_1/assets/video/relics/index.html]
[ak.hypergryph.com/is/rogue_1/assets/img/secret-room/mask/index.html]
[ak.hypergryph.com/is/rogue_1/assets/img/frames/chandelier/index.html]
[ak.hypergryph.com/is/rogue_1/assets/img/frames/lamp/index.html]
[ak.hypergryph.com/is/rogue_1/assets/img/frames/aisle/index.html]
[ak.hypergryph.com/is/rogue_1/assets/img/frames/desk/index.html]
[ak.hypergryph.com/is/rogue_2/assets/img/game/tag/active/index.html]
[ak.hypergryph.com/is/rogue_2/assets/img/game/tag/idle/index.html]
[ak.hypergryph.com/is/rogue_2/assets/img/game/character/idle/index.html]
[ak.hypergryph.com/is/rogue_2/assets/img/game/character/idle2run/index.html]
[ak.hypergryph.com/is/rogue_2/assets/img/game/character/run/index.html]
[ak.hypergryph.com/is/rogue_2/assets/img/game/character/jump/index.html]
[ak.hypergryph.com/is/rogue_2/assets/img/game/character/shadow/index.html]
[ak.hypergryph.com/is/rogue_2/assets/img/inquisitionRecord/enemy/01.json]
[ak.hypergryph.com/is/rogue_2/assets/img/inquisitionRecord/enemy/02.json]
[ak.hypergryph.com/is/rogue_2/assets/img/inquisitionRecord/enemy/03.json]
[ak.hypergryph.com/is/rogue_2/assets/img/inquisitionRecord/enemy/04.json]
[ak.hypergryph.com/is/rogue_2/assets/img/inquisitionRecord/enemy/05.json]
[ak.hypergryph.com/is/rogue_2/assets/img/inquisitionRecord/enemy/06.json]
[ak.hypergryph.com/is/rogue_2/assets/img/inquisitionRecord/enemy/07.json]
[ak.hypergryph.com/is/rogue_2/assets/img/inquisitionRecord/enemy/08.json]
[ak.hypergryph.com/is/rogue_2/assets/img/inquisitionRecord/enemy/09.json]
[ak.hypergryph.com/is/rogue_2/assets/img/moistPlayer/frames/click/index.html]
[ak.hypergryph.com/is/assets/img/static/rogue_2/month/index.html]
[ak.hypergryph.com/is/的探索记录.json]
[ak.hypergryph.com/is/assets/img/static/rogue_3/totem/index.html]
[ak.hypergryph.com/is/_s.json]
[ak.hypergryph.com/is/巴斯克星象.json]
[ak.hypergryph.com/is/assets/img/static/rogue_3/month/index.html]
[ak.hypergryph.com/is/assets/img/static/rogue_3/chaos/index.html]
[ak.hypergryph.com/is/WeakMap.prototype.json]
[ak.hypergryph.com/is/Map.prototype.json]
[ak.hypergryph.com/is/assets/img/static/rogue_4/enemies/index.html]
[ak.hypergryph.com/is/rogue_4.personal.json]
[ak.hypergryph.com/is/assets/img/static/rogue_4/index.html]
[ak.hypergryph.com/is/${t.dataSrc}.json]
[ak.hypergryph.com/is/assets/img/static/rogue_5/copper/index.html]
[ak.hypergryph.com/is/assets/img/static/rogue_5/relic/index.html]
[ak.hypergryph.com/is/.concat(n.src,.json]
[ak.hypergryph.com/is/.concat(t.portraitUrl,.json]
[ak.hypergryph.com/ra/1.html]
[ak.hypergryph.com/ra/2.html]
[ak.hypergryph.com/ra/3.html]
[ak.hypergryph.com/ra/4.html]
[ak.hypergryph.com/ra/5.html]
[ak.hypergryph.com/ra/6.html]
[ak.hypergryph.com/ra/Map.prototype.html]
[ak.hypergryph.com/ra/WeakMap.prototype.html]
[web.hycdn.cn/arknights/activity/aSt4HnsU/campus-auth/hg-account-web-sdk.min.js]
[web.hycdn.cn/hg_web_sdk/lib/3.0.1/hg-web-sdk.min.js]
[web.hycdn.cn/arknights/activity/aSt4HnsU/campus-auth/hg-web-sdk.min.js]
